    FAILED = 1 — Generic error.
    ERR_UNAVAILABLE = 2 — Unavailable error.
    ERR_UNCONFIGURED = 3 — Unconfigured error.
    ERR_UNAUTHORIZED = 4 — Unauthorized error.
    ERR_PARAMETER_RANGE_ERROR = 5 — Parameter range error.
    ERR_OUT_OF_MEMORY = 6 — Out of memory (OOM) error.
    ERR_FILE_NOT_FOUND = 7 — File: Not found error.
    ERR_FILE_BAD_DRIVE = 8 — File: Bad drive error.
    ERR_FILE_BAD_PATH = 9 — File: Bad path error.
    ERR_FILE_NO_PERMISSION = 10 — File: No permission error.
    ERR_FILE_ALREADY_IN_USE = 11 — File: Already in use error.
    ERR_FILE_CANT_OPEN = 12 — File: Can’t open error.
    ERR_FILE_CANT_WRITE = 13 — File: Can’t write error.
    ERR_FILE_CANT_READ = 14 — File: Can’t read error.
    ERR_FILE_UNRECOGNIZED = 15 — File: Unrecognized error.
    ERR_FILE_CORRUPT = 16 — File: Corrupt error.
    ERR_FILE_MISSING_DEPENDENCIES = 17 — File: Missing dependencies error.
    ERR_FILE_EOF = 18 — File: End of file (EOF) error.
    ERR_CANT_OPEN = 19 — Can’t open error.
    ERR_CANT_CREATE = 20 — Can’t create error.
    ERR_QUERY_FAILED = 21 — Query failed error.
    ERR_ALREADY_IN_USE = 22 — Already in use error.
    ERR_LOCKED = 23 — Locked error.
    ERR_TIMEOUT = 24 — Timeout error.
    ERR_CANT_CONNECT = 25 — Can’t connect error.
    ERR_CANT_RESOLVE = 26 — Can’t resolve error.
    ERR_CONNECTION_ERROR = 27 — Connection error.
    ERR_CANT_ACQUIRE_RESOURCE = 28 — Can’t acquire resource error.
    ERR_CANT_FORK = 29 — Can’t fork process error.
    ERR_INVALID_DATA = 30 — Invalid data error.
    ERR_INVALID_PARAMETER = 31 — Invalid parameter error.
    ERR_ALREADY_EXISTS = 32 — Already exists error.
    ERR_DOES_NOT_EXIST = 33 — Does not exist error.
    ERR_DATABASE_CANT_READ = 34 — Database: Read error.
    ERR_DATABASE_CANT_WRITE = 35 — Database: Write error.
    ERR_COMPILATION_FAILED = 36 — Compilation failed error.
    ERR_METHOD_NOT_FOUND = 37 — Method not found error.
    ERR_LINK_FAILED = 38 — Linking failed error.
    ERR_SCRIPT_FAILED = 39 — Script failed error.
    ERR_CYCLIC_LINK = 40 — Cycling link (import cycle) error.
    ERR_INVALID_DECLARATION = 41 — Invalid declaration error.
    ERR_DUPLICATE_SYMBOL = 42 — Duplicate symbol error.
    ERR_PARSE_ERROR = 43 — Parse error.
    ERR_BUSY = 44 — Busy error.
    ERR_SKIP = 45 — Skip error.
    ERR_HELP = 46 — Help error.
    ERR_BUG = 47 — Bug error.
    ERR_PRINTER_ON_FIRE = 48 — Printer on fire error. (This is an easter egg, no engine methods return this error code.)
